Watching for file changes with StatReloader
[16/Feb/2026 09:29:57] "HEAD / HTTP/1.1" 200 0
/app/erp_system/settings.py changed, reloading.
Performing system checks...

System check identified no issues (0 silenced).
February 16, 2026 - 09:29:49
Django version 6.0.2, using settings 'erp_system.settings'
Starting development server at http://127.0.0.1:8000/
Quit the server with CONTROL-C.

WARNING: This is a development server. Do not use it in a production setting. Use a production WSGI or ASGI server instead.
For more information on production servers see: https://docs.djangoproject.com/en/6.0/howto/deployment/
Watching for file changes with StatReloader
/app/core/models.py changed, reloading.
Performing system checks...

System check identified no issues (0 silenced).
February 16, 2026 - 18:30:36
Django version 6.0.2, using settings 'erp_system.settings'
Starting development server at http://127.0.0.1:8000/
Quit the server with CONTROL-C.

WARNING: This is a development server. Do not use it in a production setting. Use a production WSGI or ASGI server instead.
For more information on production servers see: https://docs.djangoproject.com/en/6.0/howto/deployment/
Watching for file changes with StatReloader
/app/core/admin.py changed, reloading.
Performing system checks...

System check identified no issues (0 silenced).
February 16, 2026 - 18:30:44
Django version 6.0.2, using settings 'erp_system.settings'
Starting development server at http://127.0.0.1:8000/
Quit the server with CONTROL-C.

WARNING: This is a development server. Do not use it in a production setting. Use a production WSGI or ASGI server instead.
For more information on production servers see: https://docs.djangoproject.com/en/6.0/howto/deployment/
Watching for file changes with StatReloader
/app/erp_system/settings.py changed, reloading.
Performing system checks...

System check identified no issues (0 silenced).
February 16, 2026 - 18:30:49
Django version 6.0.2, using settings 'erp_system.settings'
Starting development server at http://127.0.0.1:8000/
Quit the server with CONTROL-C.

WARNING: This is a development server. Do not use it in a production setting. Use a production WSGI or ASGI server instead.
For more information on production servers see: https://docs.djangoproject.com/en/6.0/howto/deployment/
Watching for file changes with StatReloader
/app/hr/models.py changed, reloading.
Performing system checks...

System check identified no issues (0 silenced).
February 16, 2026 - 18:31:58
Django version 6.0.2, using settings 'erp_system.settings'
Starting development server at http://127.0.0.1:8000/
Quit the server with CONTROL-C.

WARNING: This is a development server. Do not use it in a production setting. Use a production WSGI or ASGI server instead.
For more information on production servers see: https://docs.djangoproject.com/en/6.0/howto/deployment/
Watching for file changes with StatReloader
/app/hr/admin.py changed, reloading.
Performing system checks...

System check identified no issues (0 silenced).
February 16, 2026 - 18:32:07
Django version 6.0.2, using settings 'erp_system.settings'
Starting development server at http://127.0.0.1:8000/
Quit the server with CONTROL-C.

WARNING: This is a development server. Do not use it in a production setting. Use a production WSGI or ASGI server instead.
For more information on production servers see: https://docs.djangoproject.com/en/6.0/howto/deployment/
Watching for file changes with StatReloader
/app/erp_system/settings.py changed, reloading.
Performing system checks...

System check identified no issues (0 silenced).
February 16, 2026 - 18:32:14
Django version 6.0.2, using settings 'erp_system.settings'
Starting development server at http://127.0.0.1:8000/
Quit the server with CONTROL-C.

WARNING: This is a development server. Do not use it in a production setting. Use a production WSGI or ASGI server instead.
For more information on production servers see: https://docs.djangoproject.com/en/6.0/howto/deployment/
Watching for file changes with StatReloader
/app/sales/models.py changed, reloading.
Performing system checks...

System check identified no issues (0 silenced).
February 16, 2026 - 18:33:07
Django version 6.0.2, using settings 'erp_system.settings'
Starting development server at http://127.0.0.1:8000/
Quit the server with CONTROL-C.

WARNING: This is a development server. Do not use it in a production setting. Use a production WSGI or ASGI server instead.
For more information on production servers see: https://docs.djangoproject.com/en/6.0/howto/deployment/
Watching for file changes with StatReloader
/app/sales/admin.py changed, reloading.
Performing system checks...

System check identified no issues (0 silenced).
February 16, 2026 - 18:33:20
Django version 6.0.2, using settings 'erp_system.settings'
Starting development server at http://127.0.0.1:8000/
Quit the server with CONTROL-C.

WARNING: This is a development server. Do not use it in a production setting. Use a production WSGI or ASGI server instead.
For more information on production servers see: https://docs.djangoproject.com/en/6.0/howto/deployment/
Watching for file changes with StatReloader
/app/erp_system/settings.py changed, reloading.
Performing system checks...

System check identified no issues (0 silenced).
February 16, 2026 - 18:33:29
Django version 6.0.2, using settings 'erp_system.settings'
Starting development server at http://127.0.0.1:8000/
Quit the server with CONTROL-C.

WARNING: This is a development server. Do not use it in a production setting. Use a production WSGI or ASGI server instead.
For more information on production servers see: https://docs.djangoproject.com/en/6.0/howto/deployment/
Watching for file changes with StatReloader
/app/inventory/models.py changed, reloading.
Performing system checks...

System check identified no issues (0 silenced).
February 16, 2026 - 18:34:29
Django version 6.0.2, using settings 'erp_system.settings'
Starting development server at http://127.0.0.1:8000/
Quit the server with CONTROL-C.

WARNING: This is a development server. Do not use it in a production setting. Use a production WSGI or ASGI server instead.
For more information on production servers see: https://docs.djangoproject.com/en/6.0/howto/deployment/
Watching for file changes with StatReloader
/app/inventory/models.py changed, reloading.
Performing system checks...

System check identified no issues (0 silenced).
February 16, 2026 - 18:34:42
Django version 6.0.2, using settings 'erp_system.settings'
Starting development server at http://127.0.0.1:8000/
Quit the server with CONTROL-C.

WARNING: This is a development server. Do not use it in a production setting. Use a production WSGI or ASGI server instead.
For more information on production servers see: https://docs.djangoproject.com/en/6.0/howto/deployment/
Watching for file changes with StatReloader
/app/inventory/admin.py changed, reloading.
Performing system checks...

System check identified no issues (0 silenced).
February 16, 2026 - 18:34:53
Django version 6.0.2, using settings 'erp_system.settings'
Starting development server at http://127.0.0.1:8000/
Quit the server with CONTROL-C.

WARNING: This is a development server. Do not use it in a production setting. Use a production WSGI or ASGI server instead.
For more information on production servers see: https://docs.djangoproject.com/en/6.0/howto/deployment/
Watching for file changes with StatReloader
/app/erp_system/urls.py changed, reloading.
Performing system checks...

System check identified no issues (0 silenced).
February 16, 2026 - 18:34:59
Django version 6.0.2, using settings 'erp_system.settings'
Starting development server at http://127.0.0.1:8000/
Quit the server with CONTROL-C.

WARNING: This is a development server. Do not use it in a production setting. Use a production WSGI or ASGI server instead.
For more information on production servers see: https://docs.djangoproject.com/en/6.0/howto/deployment/
Watching for file changes with StatReloader
[16/Feb/2026 18:38:05] "GET / HTTP/1.1" 200 4218
[16/Feb/2026 18:40:09] "GET / HTTP/1.1" 200 4218
